----Mesh0----
Vertices:
    0: (2.63986, 1.59992, -2.58915)
    1: (-2.60102, 1.67954, -2.6144)
    2: (-2.59845, 2.55608, -2.21223)
    3: (2.66005, 2.4762, -2.1869)
    4: (2.63417, 0.0654797, 3.35174)
    5: (2.6686, 0.0966235, 3.31616)
    6: (2.67011, 0.194651, 3.31022)
    7: (2.63673, 0.230916, 3.3417)
    8: (2.56205, -2.58449, 2.19777)
    9: (-2.69645, -2.50461, 2.17244)
   10: (-2.55122, -2.57581, 2.12172)
   11: (2.41522, -2.65126, 2.14565)
   12: (-2.45162, 2.62284, -2.16012)
   13: (2.51482, 2.54739, -2.13619)
   14: (2.6153, -2.832, -1.86433)
   15: (2.61427, -2.90419, -1.71378)
   16: (2.43061, -2.89127, -1.8062)
   17: (-2.67313, -0.259344, -3.35617)
   18: (-2.71806, -2.75098, -1.89003)
   19: (-2.70652, -0.223079, -3.32468)
   20: (2.59959, -2.67518, 2.0569)
   21: (2.64861, -2.86125, -1.72608)
   22: (2.63385, -2.63105, 2.06418)
   23: (-2.65068, 2.87586, 1.69937)
   24: (-2.63599, 2.64685, -2.07143)
   25: (-2.67025, 2.60269, -2.0787)
   26: (-2.68501, 2.8329, 1.71167)
   27: (2.69897, 2.56581, -2.04573)
   28: (2.68428, 2.79482, 1.72507)
   29: (2.71718, 2.75084, 1.73769)
   30: (-2.99332, -0.0355347, -0.190645)
   31: (-2.75201, -2.73646, -1.84133)
   32: (-2.9942, -0.0845203, -0.161818)
   33: (-2.46701, 2.86285, 1.79174)
   34: (-2.61428, 2.80282, 1.85041)
   35: (2.64422, 2.72294, 1.87574)
   36: (2.49943, 2.78741, 1.81566)
   37: (2.66019, -0.34036, -3.33047)
   38: (2.69436, -0.305122, -3.29866)
   39: (2.95391, -0.240741, 0.0181036)
   40: (2.66275, -0.174924, -3.34051)
   41: (2.69588, -0.207095, -3.30461)
   42: (-2.705, -0.125051, -3.33063)
   43: (-2.67057, -0.0939087, -3.3662)
   44: (2.45193, 0.152231, 3.36638)
   45: (2.62535, -0.173691, -3.34075)
   46: (2.47811, -0.256101, -3.35691)
   47: (2.59933, 0.232148, 3.3415)
   48: (-2.65918, 0.312029, 3.31617)
   49: (-2.51451, 0.227673, 3.34245)
   50: (2.59891, -1.18077, -2.85801)
   51: (-2.64196, -1.10115, -2.88326)
   52: (-2.69916, 0.146495, 3.32605)
   53: (-2.69659, 0.311931, 3.31601)
   54: (-2.73076, 0.276694, 3.2842)
   55: (-2.73228, 0.178667, 3.29015)
   56: (2.68166, 2.72256, 1.87556)
   57: (-2.73537, -2.59414, 2.0312)
   58: (-2.76834, -2.54899, 2.03816)
   59: (-2.75358, -2.77918, -1.75211)
   60: (-2.72068, -2.82315, -1.73948)
   61: (-2.53583, -2.81583, -1.83013)
   62: (2.60556, 1.07272, 2.8688)
   63: (2.6205, 1.90178, 2.38092)
   64: (2.58397, -2.00983, -2.37013)
   65: (2.56461, -1.70797, 2.59993)
   66: (-2.67626, -1.62835, 2.57469)
   67: (2.57616, -0.825942, 2.984)
   68: (-2.66471, -0.746331, 2.95875)
   69: (2.62831, 0.717908, -2.97321)
   70: (-2.61256, 0.79752, -2.99846)
   71: (-2.63315, -0.093811, -3.36608)
   72: (2.59948, -2.5853, 2.19761)
   73: (-2.73388, -2.50428, 2.17192)
   74: (-2.68561, 2.79011, 1.80086)
   75: (-2.6517, 2.80358, 1.84987)
   76: (2.73105, 2.46738, -2.13604)
   77: (2.69748, 2.47587, -2.18638)
   78: (-2.99593, -0.15036, -0.0105589)
   79: (2.73194, 2.52063, -2.05268)
   80: (2.95953, 0.121938, -0.00390198)
   81: (-2.99031, 0.212319, -0.0325645)
   82: (-2.76745, -2.49578, 2.12156)
   83: (-2.67017, 2.54943, -2.16206)
   84: (-2.99204, 0.146479, 0.118693)
   85: (-2.99292, 0.0974927, 0.14752)
   86: (2.71561, 2.70806, 1.82688)
   87: (2.95894, 0.0382764, -0.14609)
   88: (2.95826, -0.0138403, -0.168783)
   89: (2.5695, -2.79234, 0.171575)
   90: (-2.69069, -2.71243, 0.146235)
   91: (-2.99498, -0.122201, -0.119262)
   92: (2.9594, 0.0808301, -0.108402)
   93: (2.95857, 0.0937793, 0.104799)
   94: (-2.99581, -0.109252, 0.0939385)
   95: (-2.99466, -0.0145813, 0.15432)
   96: (-2.99534, -0.066698, 0.131627)
   97: (2.9545, -0.157079, 0.16029)
   98: (2.95518, -0.104962, 0.182982)
   99: (2.63377, -2.57783, 2.14758)
  100: (-2.99023, 0.200039, -0.0880691)
  101: (2.95383, -0.228463, 0.0736073)
  102: (2.95564, -0.174901, -0.133156)
  103: (2.64921, -2.81851, -1.81531)
  104: (2.95652, -0.125916, -0.161983)
  105: (-2.99126, 0.18416, 0.0761362)
  106: (2.65426, 2.68184, -0.160567)
  107: (2.95917, 0.116466, 0.0526785)
  108: (-2.99601, -0.138082, 0.0449448)
  109: (-2.99557, -0.144886, -0.0671415)
  110: (2.95691, 0.00711182, 0.176182)
  111: (2.95601, -0.0483874, 0.188459)
  112: (2.95403, -0.199633, 0.122601)
  113: (-2.99241, 0.0199646, -0.202921)
  114: (2.95742, -0.0704163, -0.174259)
  115: (-2.60594, 2.76175, -0.185907)
  116: (-2.99043, 0.171211, -0.137064)
  117: (-2.9909, 0.128657, -0.174753)
  118: (-2.99158, 0.0765405, -0.197446)
  119: (-2.63532, 1.15233, 2.84355)
  120: (-2.62037, 1.98139, 2.35567)
  121: (2.62277, -0.340458, -3.33063)
  122: (-2.63573, -0.260577, -3.35596)
  123: (2.59675, 0.0653821, 3.35162)
  124: (-2.66176, 0.145262, 3.32628)
  125: (2.57787, -2.83124, -1.86488)
  126: (-2.68063, -2.75136, -1.89021)
  127: (-2.63588, 2.55688, -2.21208)
  128: (2.6469, 2.79552, 1.72467)
  129: (-2.54928, 2.87445, 1.69964)
  130: (-2.61329, 2.87542, 1.69933)
  131: (2.4982, -2.6738, 2.0562)
  132: (-2.69799, -2.59486, 2.03117)
  133: (2.56221, -2.67477, 2.05651)
  134: (-2.54193, 2.76078, -0.185599)
  135: (2.59758, 2.5675, -2.04601)
  136: (2.66159, 2.56652, -2.0457)
  137: (-2.6833, -2.82384, -1.73907)
  138: (-2.59861, 2.64643, -2.07104)
  139: (2.57689, -2.90375, -1.71373)
  140: (2.95486, -0.212582, -0.0905994)
  141: (2.9578, 0.0560986, 0.147356)
  142: (-2.48833, -0.180659, -3.38084)
  143: (2.95427, -0.235267, -0.038479)
  144: (-2.6193, -2.82482, -1.73877)
  145: (-2.6569, -1.93022, -2.39538)
  146: (-2.99067, 0.206847, 0.024016)
  147: (-2.99383, 0.0419934, 0.159797)
  148: (2.95961, 0.109658, -0.0594067)
  149: (-4.31602e+08, -4.31602e+08, -4.31602e+08)
  150: (-4.31602e+08, -4.31602e+08, -4.31602e+08)
  151: (-4.31602e+08, -4.31602e+08, -4.31602e+08)
  152: (-4.31602e+08, -4.31602e+08, -4.31602e+08)
  153: (-4.31602e+08, -4.31602e+08, -4.31602e+08)
Edges:
    0: Vertex(  0) Twin(120) Face(  0)
    1: Vertex(  1) Twin(474) Face(  0)
    2: Vertex(  2) Twin( 12) Face(  0)
    3: Vertex(  3) Twin(182) Face(  0)
    4: Vertex(  4) Twin(274) Face(  1)
    5: Vertex(  5) Twin(328) Face(  1)
    6: Vertex(  6) Twin( 87) Face(  1)
    7: Vertex(  7) Twin( 58) Face(  1)
    8: Vertex(  8) Twin(112) Face(  2)
    9: Vertex(  9) Twin(155) Face(  2)
   10: Vertex( 10) Twin(497) Face(  2)
   11: Vertex( 11) Twin(137) Face(  2)
   12: Vertex(  3) Twin(  2) Face(  3)
   13: Vertex(  2) Twin(471) Face(  3)
   14: Vertex( 12) Twin(505) Face(  3)
   15: Vertex( 13) Twin(185) Face(  3)
   16: Vertex( 14) Twin(555) Face(  4)
   17: Vertex( 15) Twin(537) Face(  4)
   18: Vertex( 16) Twin(443) Face(  4)
   19: Vertex( 17) Twin( 74) Face(  5)
   20: Vertex( 18) Twin( 37) Face(  5)
   21: Vertex( 19) Twin( 54) Face(  5)
   22: Vertex( 20) Twin(244) Face(  6)
   23: Vertex( 15) Twin(567) Face(  6)
   24: Vertex( 21) Twin( 47) Face(  6)
   25: Vertex( 22) Twin(570) Face(  6)
   26: Vertex( 23) Twin(349) Face(  7)
   27: Vertex( 24) Twin(218) Face(  7)
   28: Vertex( 25) Twin(211) Face(  7)
   29: Vertex( 26) Twin(207) Face(  7)
   30: Vertex( 27) Twin(295) Face(  8)
   31: Vertex( 28) Twin(225) Face(  8)
   32: Vertex( 29) Twin(200) Face(  8)
   33: Vertex( 30) Twin(337) Face(  9)
   34: Vertex( 19) Twin( 39) Face(  9)
   35: Vertex( 31) Twin(309) Face(  9)
   36: Vertex( 32) Twin(649) Face(  9)
   37: Vertex( 19) Twin( 20) Face( 10)
   38: Vertex( 18) Twin( 97) Face( 10)
   39: Vertex( 31) Twin( 34) Face( 10)
   40: Vertex( 33) Twin(167) Face( 11)
   41: Vertex( 34) Twin(392) Face( 11)
   42: Vertex( 35) Twin(457) Face( 11)
   43: Vertex( 36) Twin(486) Face( 11)
   44: Vertex( 14) Twin( 71) Face( 12)
   45: Vertex( 37) Twin( 50) Face( 12)
   46: Vertex( 38) Twin(558) Face( 12)
   47: Vertex( 22) Twin( 24) Face( 13)
   48: Vertex( 21) Twin(611) Face( 13)
   49: Vertex( 39) Twin(282) Face( 13)
   50: Vertex( 38) Twin( 45) Face( 14)
   51: Vertex( 37) Twin( 64) Face( 14)
   52: Vertex( 40) Twin(236) Face( 14)
   53: Vertex( 41) Twin(343) Face( 14)
   54: Vertex( 17) Twin( 21) Face( 15)
   55: Vertex( 19) Twin(367) Face( 15)
   56: Vertex( 42) Twin(459) Face( 15)
   57: Vertex( 43) Twin(605) Face( 15)
   58: Vertex(  4) Twin(  7) Face( 16)
   59: Vertex(  7) Twin(414) Face( 16)
   60: Vertex( 44) Twin(424) Face( 16)
   61: Vertex( 45) Twin(131) Face( 17)
   62: Vertex( 40) Twin( 66) Face( 17)
   63: Vertex( 46) Twin(595) Face( 17)
   64: Vertex( 40) Twin( 51) Face( 18)
   65: Vertex( 37) Twin(408) Face( 18)
   66: Vertex( 46) Twin( 62) Face( 18)
   67: Vertex( 44) Twin(416) Face( 19)
   68: Vertex( 47) Twin(377) Face( 19)
   69: Vertex( 48) Twin( 80) Face( 19)
   70: Vertex( 49) Twin(427) Face( 19)
   71: Vertex( 37) Twin( 44) Face( 20)
   72: Vertex( 14) Twin(109) Face( 20)
   73: Vertex( 50) Twin(401) Face( 20)
   74: Vertex( 18) Twin( 19) Face( 21)
   75: Vertex( 17) Twin(437) Face( 21)
   76: Vertex( 51) Twin(640) Face( 21)
   77: Vertex( 52) Twin(431) Face( 22)
   78: Vertex( 49) Twin( 82) Face( 22)
   79: Vertex( 53) Twin( 85) Face( 22)
   80: Vertex( 49) Twin( 69) Face( 23)
   81: Vertex( 48) Twin(374) Face( 23)
   82: Vertex( 53) Twin( 78) Face( 23)
   83: Vertex( 54) Twin(672) Face( 24)
   84: Vertex( 55) Twin(263) Face( 24)
   85: Vertex( 52) Twin( 79) Face( 24)
   86: Vertex( 53) Twin(164) Face( 24)
   87: Vertex(  7) Twin(  6) Face( 25)
   88: Vertex(  6) Twin(231) Face( 25)
   89: Vertex( 56) Twin(103) Face( 25)
   90: Vertex( 28) Twin(490) Face( 26)
   91: Vertex( 36) Twin(456) Face( 26)
   92: Vertex( 56) Twin(228) Face( 26)
   93: Vertex( 57) Twin(212) Face( 27)
   94: Vertex( 58) Twin(196) Face( 27)
   95: Vertex( 59) Twin(192) Face( 27)
   96: Vertex( 60) Twin(247) Face( 27)
   97: Vertex( 31) Twin( 38) Face( 28)
   98: Vertex( 18) Twin(102) Face( 28)
   99: Vertex( 60) Twin(191) Face( 28)
  100: Vertex( 18) Twin(450) Face( 29)
  101: Vertex( 61) Twin(515) Face( 29)
  102: Vertex( 60) Twin( 98) Face( 29)
  103: Vertex(  7) Twin( 89) Face( 30)
  104: Vertex( 56) Twin(108) Face( 30)
  105: Vertex( 62) Twin(411) Face( 30)
  106: Vertex( 56) Twin(453) Face( 31)
  107: Vertex( 63) Twin(381) Face( 31)
  108: Vertex( 62) Twin(104) Face( 31)
  109: Vertex( 50) Twin( 72) Face( 32)
  110: Vertex( 14) Twin(440) Face( 32)
  111: Vertex( 64) Twin(630) Face( 32)
  112: Vertex(  9) Twin(  8) Face( 33)
  113: Vertex(  8) Twin(387) Face( 33)
  114: Vertex( 65) Twin(118) Face( 33)
  115: Vertex( 66) Twin(143) Face( 33)
  116: Vertex( 67) Twin(417) Face( 34)
  117: Vertex( 68) Twin(146) Face( 34)
  118: Vertex( 66) Twin(114) Face( 34)
  119: Vertex( 65) Twin(389) Face( 34)
  120: Vertex(  1) Twin(  0) Face( 35)
  121: Vertex(  0) Twin(179) Face( 35)
  122: Vertex( 69) Twin(126) Face( 35)
  123: Vertex( 70) Twin(477) Face( 35)
  124: Vertex( 45) Twin(594) Face( 36)
  125: Vertex( 71) Twin(130) Face( 36)
  126: Vertex( 70) Twin(122) Face( 36)
  127: Vertex( 69) Twin(132) Face( 36)
  128: Vertex( 71) Twin(608) Face( 37)
  129: Vertex( 43) Twin(480) Face( 37)
  130: Vertex( 70) Twin(125) Face( 37)
  131: Vertex( 40) Twin( 61) Face( 38)
  132: Vertex( 45) Twin(127) Face( 38)
  133: Vertex( 69) Twin(176) Face( 38)
  134: Vertex(  4) Twin(421) Face( 39)
  135: Vertex( 67) Twin(388) Face( 39)
  136: Vertex( 72) Twin(272) Face( 39)
  137: Vertex(  8) Twin( 11) Face( 40)
  138: Vertex( 11) Twin(142) Face( 40)
  139: Vertex( 72) Twin(385) Face( 40)
  140: Vertex( 11) Twin(525) Face( 41)
  141: Vertex( 20) Twin(582) Face( 41)
  142: Vertex( 72) Twin(138) Face( 41)
  143: Vertex(  9) Twin(115) Face( 42)
  144: Vertex( 66) Twin(148) Face( 42)
  145: Vertex( 73) Twin(156) Face( 42)
  146: Vertex( 66) Twin(117) Face( 43)
  147: Vertex( 68) Twin(151) Face( 43)
  148: Vertex( 73) Twin(144) Face( 43)
  149: Vertex( 68) Twin(434) Face( 44)
  150: Vertex( 52) Twin(262) Face( 44)
  151: Vertex( 73) Twin(147) Face( 44)
  152: Vertex( 57) Twin(509) Face( 45)
  153: Vertex( 10) Twin(157) Face( 45)
  154: Vertex( 73) Twin(215) Face( 45)
  155: Vertex( 10) Twin(  9) Face( 46)
  156: Vertex(  9) Twin(145) Face( 46)
  157: Vertex( 73) Twin(153) Face( 46)
  158: Vertex( 23) Twin(206) Face( 47)
  159: Vertex( 74) Twin(163) Face( 47)
  160: Vertex( 75) Twin(171) Face( 47)
  161: Vertex( 74) Twin(221) Face( 48)
  162: Vertex( 54) Twin(166) Face( 48)
  163: Vertex( 75) Twin(159) Face( 48)
  164: Vertex( 54) Twin( 86) Face( 49)
  165: Vertex( 53) Twin(371) Face( 49)
  166: Vertex( 75) Twin(162) Face( 49)
  167: Vertex( 34) Twin( 40) Face( 50)
  168: Vertex( 33) Twin(172) Face( 50)
  169: Vertex( 75) Twin(395) Face( 50)
  170: Vertex( 33) Twin(531) Face( 51)
  171: Vertex( 23) Twin(160) Face( 51)
  172: Vertex( 75) Twin(168) Face( 51)
  173: Vertex( 27) Twin(197) Face( 52)
  174: Vertex( 76) Twin(237) Face( 52)
  175: Vertex( 77) Twin(189) Face( 52)
  176: Vertex( 40) Twin(133) Face( 53)
  177: Vertex( 69) Twin(181) Face( 53)
  178: Vertex( 77) Twin(234) Face( 53)
  179: Vertex( 69) Twin(121) Face( 54)
  180: Vertex(  0) Twin(184) Face( 54)
  181: Vertex( 77) Twin(177) Face( 54)
  182: Vertex(  0) Twin(  3) Face( 55)
  183: Vertex(  3) Twin(187) Face( 55)
  184: Vertex( 77) Twin(180) Face( 55)
  185: Vertex(  3) Twin( 15) Face( 56)
  186: Vertex( 13) Twin(190) Face( 56)
  187: Vertex( 77) Twin(183) Face( 56)
  188: Vertex( 13) Twin(549) Face( 57)
  189: Vertex( 27) Twin(175) Face( 57)
  190: Vertex( 77) Twin(186) Face( 57)
  191: Vertex( 31) Twin( 99) Face( 58)
  192: Vertex( 60) Twin( 95) Face( 58)
  193: Vertex( 59) Twin(250) Face( 58)
  194: Vertex( 58) Twin(310) Face( 59)
  195: Vertex( 78) Twin(319) Face( 59)
  196: Vertex( 59) Twin( 94) Face( 59)
  197: Vertex( 76) Twin(173) Face( 60)
  198: Vertex( 27) Twin(202) Face( 60)
  199: Vertex( 79) Twin(253) Face( 60)
  200: Vertex( 27) Twin( 32) Face( 61)
  201: Vertex( 29) Twin(205) Face( 61)
  202: Vertex( 79) Twin(198) Face( 61)
  203: Vertex( 29) Twin(298) Face( 62)
  204: Vertex( 80) Twin(701) Face( 62)
  205: Vertex( 79) Twin(201) Face( 62)
  206: Vertex( 74) Twin(158) Face( 63)
  207: Vertex( 23) Twin( 29) Face( 63)
  208: Vertex( 26) Twin(289) Face( 63)
  209: Vertex( 25) Twin(279) Face( 64)
  210: Vertex( 81) Twin(646) Face( 64)
  211: Vertex( 26) Twin( 28) Face( 64)
  212: Vertex( 58) Twin( 93) Face( 65)
  213: Vertex( 57) Twin(217) Face( 65)
  214: Vertex( 82) Twin(259) Face( 65)
  215: Vertex( 57) Twin(154) Face( 66)
  216: Vertex( 73) Twin(269) Face( 66)
  217: Vertex( 82) Twin(213) Face( 66)
  218: Vertex( 25) Twin( 27) Face( 67)
  219: Vertex( 24) Twin(465) Face( 67)
  220: Vertex( 83) Twin(352) Face( 67)
  221: Vertex( 54) Twin(161) Face( 68)
  222: Vertex( 74) Twin(292) Face( 68)
  223: Vertex( 84) Twin(659) Face( 68)
  224: Vertex( 85) Twin(675) Face( 68)
  225: Vertex( 29) Twin( 31) Face( 69)
  226: Vertex( 28) Twin(230) Face( 69)
  227: Vertex( 86) Twin(256) Face( 69)
  228: Vertex( 28) Twin( 92) Face( 70)
  229: Vertex( 56) Twin(233) Face( 70)
  230: Vertex( 86) Twin(226) Face( 70)
  231: Vertex( 56) Twin( 88) Face( 71)
  232: Vertex(  6) Twin(591) Face( 71)
  233: Vertex( 86) Twin(229) Face( 71)
  234: Vertex( 40) Twin(178) Face( 72)
  235: Vertex( 77) Twin(239) Face( 72)
  236: Vertex( 41) Twin( 52) Face( 72)
  237: Vertex( 77) Twin(174) Face( 73)
  238: Vertex( 76) Twin(243) Face( 73)
  239: Vertex( 41) Twin(235) Face( 73)
  240: Vertex( 76) Twin(306) Face( 74)
  241: Vertex( 87) Twin(687) Face( 74)
  242: Vertex( 88) Twin(346) Face( 74)
  243: Vertex( 41) Twin(238) Face( 74)
  244: Vertex( 15) Twin( 22) Face( 75)
  245: Vertex( 20) Twin(528) Face( 75)
  246: Vertex( 89) Twin(540) Face( 75)
  247: Vertex( 57) Twin( 96) Face( 76)
  248: Vertex( 60) Twin(518) Face( 76)
  249: Vertex( 90) Twin(512) Face( 76)
  250: Vertex( 31) Twin(193) Face( 77)
  251: Vertex( 59) Twin(322) Face( 77)
  252: Vertex( 91) Twin(307) Face( 77)
  253: Vertex( 76) Twin(199) Face( 78)
  254: Vertex( 79) Twin(698) Face( 78)
  255: Vertex( 92) Twin(304) Face( 78)
  256: Vertex( 29) Twin(227) Face( 79)
  257: Vertex( 86) Twin(588) Face( 79)
  258: Vertex( 93) Twin(301) Face( 79)
  259: Vertex( 58) Twin(214) Face( 80)
  260: Vertex( 82) Twin(316) Face( 80)
  261: Vertex( 94) Twin(313) Face( 80)
  262: Vertex( 73) Twin(150) Face( 81)
  263: Vertex( 52) Twin( 84) Face( 81)
  264: Vertex( 55) Twin(270) Face( 81)
  265: Vertex( 95) Twin(656) Face( 82)
  266: Vertex( 96) Twin(317) Face( 82)
  267: Vertex( 82) Twin(271) Face( 82)
  268: Vertex( 55) Twin(669) Face( 82)
  269: Vertex( 82) Twin(216) Face( 83)
  270: Vertex( 73) Twin(264) Face( 83)
  271: Vertex( 55) Twin(267) Face( 83)
  272: Vertex(  4) Twin(136) Face( 84)
  273: Vertex( 72) Twin(579) Face( 84)
  274: Vertex(  5) Twin(  4) Face( 84)
  275: Vertex( 97) Twin(697) Face( 85)
  276: Vertex( 98) Twin(331) Face( 85)
  277: Vertex(  5) Twin(581) Face( 85)
  278: Vertex( 99) Twin(577) Face( 85)
  279: Vertex( 81) Twin(209) Face( 86)
  280: Vertex( 25) Twin(358) Face( 86)
  281: Vertex(100) Twin(663) Face( 86)
  282: Vertex( 22) Twin( 49) Face( 87)
  283: Vertex( 39) Twin(680) Face( 87)
  284: Vertex(101) Twin(334) Face( 87)
  285: Vertex(102) Twin(563) Face( 88)
  286: Vertex(103) Twin(559) Face( 88)
  287: Vertex( 38) Twin(340) Face( 88)
  288: Vertex(104) Twin(684) Face( 88)
  289: Vertex( 74) Twin(208) Face( 89)
  290: Vertex( 26) Twin(643) Face( 89)
  291: Vertex(105) Twin(293) Face( 89)
  292: Vertex( 84) Twin(222) Face( 90)
  293: Vertex( 74) Twin(291) Face( 90)
  294: Vertex(105) Twin(660) Face( 90)
  295: Vertex( 28) Twin( 30) Face( 91)
  296: Vertex( 27) Twin(552) Face( 91)
  297: Vertex(106) Twin(483) Face( 91)
  298: Vertex( 80) Twin(203) Face( 92)
  299: Vertex( 29) Twin(303) Face( 92)
  300: Vertex(107) Twin(691) Face( 92)
  301: Vertex( 29) Twin(258) Face( 93)
  302: Vertex( 93) Twin(692) Face( 93)
  303: Vertex(107) Twin(299) Face( 93)
  304: Vertex( 76) Twin(255) Face( 94)
  305: Vertex( 92) Twin(688) Face( 94)
  306: Vertex( 87) Twin(240) Face( 94)
  307: Vertex( 31) Twin(252) Face( 95)
  308: Vertex( 91) Twin(650) Face( 95)
  309: Vertex( 32) Twin( 35) Face( 95)
  310: Vertex( 78) Twin(194) Face( 96)
  311: Vertex( 58) Twin(315) Face( 96)
  312: Vertex(108) Twin(653) Face( 96)
  313: Vertex( 58) Twin(261) Face( 97)
  314: Vertex( 94) Twin(654) Face( 97)
  315: Vertex(108) Twin(311) Face( 97)
  316: Vertex( 94) Twin(260) Face( 98)
  317: Vertex( 82) Twin(266) Face( 98)
  318: Vertex( 96) Twin(655) Face( 98)
  319: Vertex( 59) Twin(195) Face( 99)
  320: Vertex( 78) Twin(652) Face( 99)
  321: Vertex(109) Twin(323) Face( 99)
  322: Vertex( 91) Twin(251) Face(100)
  323: Vertex( 59) Twin(321) Face(100)
  324: Vertex(109) Twin(651) Face(100)
  325: Vertex(110) Twin(585) Face(101)
  326: Vertex(  6) Twin(330) Face(101)
  327: Vertex(111) Twin(695) Face(101)
  328: Vertex(  6) Twin(  5) Face(102)
  329: Vertex(  5) Twin(333) Face(102)
  330: Vertex(111) Twin(326) Face(102)
  331: Vertex(  5) Twin(276) Face(103)
  332: Vertex( 98) Twin(696) Face(103)
  333: Vertex(111) Twin(329) Face(103)
  334: Vertex( 22) Twin(284) Face(104)
  335: Vertex(101) Twin(679) Face(104)
  336: Vertex(112) Twin(573) Face(104)
  337: Vertex( 19) Twin( 33) Face(105)
  338: Vertex( 30) Twin(668) Face(105)
  339: Vertex(113) Twin(365) Face(105)
  340: Vertex(104) Twin(287) Face(106)
  341: Vertex( 38) Twin(345) Face(106)
  342: Vertex(114) Twin(685) Face(106)
  343: Vertex( 38) Twin( 53) Face(107)
  344: Vertex( 41) Twin(348) Face(107)
  345: Vertex(114) Twin(341) Face(107)
  346: Vertex( 41) Twin(242) Face(108)
  347: Vertex( 88) Twin(686) Face(108)
  348: Vertex(114) Twin(344) Face(108)
  349: Vertex( 24) Twin( 26) Face(109)
  350: Vertex( 23) Twin(534) Face(109)
  351: Vertex(115) Twin(546) Face(109)
  352: Vertex( 25) Twin(220) Face(110)
  353: Vertex( 83) Twin(357) Face(110)
  354: Vertex(116) Twin(359) Face(110)
  355: Vertex( 83) Twin(361) Face(111)
  356: Vertex(117) Twin(665) Face(111)
  357: Vertex(116) Twin(353) Face(111)
  358: Vertex(100) Twin(280) Face(112)
  359: Vertex( 25) Twin(354) Face(112)
  360: Vertex(116) Twin(664) Face(112)
  361: Vertex(117) Twin(355) Face(113)
  362: Vertex( 83) Twin(462) Face(113)
  363: Vertex( 42) Twin(369) Face(113)
  364: Vertex(118) Twin(666) Face(113)
  365: Vertex( 19) Twin(339) Face(114)
  366: Vertex(113) Twin(370) Face(114)
  367: Vertex( 42) Twin( 55) Face(114)
  368: Vertex(113) Twin(667) Face(115)
  369: Vertex(118) Twin(363) Face(115)
  370: Vertex( 42) Twin(366) Face(115)
  371: Vertex( 75) Twin(165) Face(116)
  372: Vertex( 53) Twin(376) Face(116)
  373: Vertex(119) Twin(398) Face(116)
  374: Vertex( 53) Twin( 81) Face(117)
  375: Vertex( 48) Twin(380) Face(117)
  376: Vertex(119) Twin(372) Face(117)
  377: Vertex( 48) Twin( 68) Face(118)
  378: Vertex( 47) Twin(412) Face(118)
  379: Vertex( 62) Twin(384) Face(118)
  380: Vertex(119) Twin(375) Face(118)
  381: Vertex( 62) Twin(107) Face(119)
  382: Vertex( 63) Twin(394) Face(119)
  383: Vertex(120) Twin(399) Face(119)
  384: Vertex(119) Twin(379) Face(119)
  385: Vertex(  8) Twin(139) Face(120)
  386: Vertex( 72) Twin(390) Face(120)
  387: Vertex( 65) Twin(113) Face(120)
  388: Vertex( 72) Twin(135) Face(121)
  389: Vertex( 67) Twin(119) Face(121)
  390: Vertex( 65) Twin(386) Face(121)
  391: Vertex( 63) Twin(455) Face(122)
  392: Vertex( 35) Twin( 41) Face(122)
  393: Vertex( 34) Twin(397) Face(122)
  394: Vertex(120) Twin(382) Face(122)
  395: Vertex( 34) Twin(169) Face(123)
  396: Vertex( 75) Twin(400) Face(123)
  397: Vertex(120) Twin(393) Face(123)
  398: Vertex( 75) Twin(373) Face(124)
  399: Vertex(119) Twin(383) Face(124)
  400: Vertex(120) Twin(396) Face(124)
  401: Vertex( 37) Twin( 73) Face(125)
  402: Vertex( 50) Twin(407) Face(125)
  403: Vertex(121) Twin(409) Face(125)
  404: Vertex( 50) Twin(629) Face(126)
  405: Vertex( 51) Twin(439) Face(126)
  406: Vertex(122) Twin(599) Face(126)
  407: Vertex(121) Twin(402) Face(126)
  408: Vertex( 46) Twin( 65) Face(127)
  409: Vertex( 37) Twin(403) Face(127)
  410: Vertex(121) Twin(598) Face(127)
  411: Vertex(  7) Twin(105) Face(128)
  412: Vertex( 62) Twin(378) Face(128)
  413: Vertex( 47) Twin(415) Face(128)
  414: Vertex( 44) Twin( 59) Face(129)
  415: Vertex(  7) Twin(413) Face(129)
  416: Vertex( 47) Twin( 67) Face(129)
  417: Vertex( 68) Twin(116) Face(130)
  418: Vertex( 67) Twin(423) Face(130)
  419: Vertex(123) Twin(429) Face(130)
  420: Vertex(124) Twin(435) Face(130)
  421: Vertex( 67) Twin(134) Face(131)
  422: Vertex(  4) Twin(426) Face(131)
  423: Vertex(123) Twin(418) Face(131)
  424: Vertex(  4) Twin( 60) Face(132)
  425: Vertex( 44) Twin(430) Face(132)
  426: Vertex(123) Twin(422) Face(132)
  427: Vertex( 44) Twin( 70) Face(133)
  428: Vertex( 49) Twin(433) Face(133)
  429: Vertex(124) Twin(419) Face(133)
  430: Vertex(123) Twin(425) Face(133)
  431: Vertex( 49) Twin( 77) Face(134)
  432: Vertex( 52) Twin(436) Face(134)
  433: Vertex(124) Twin(428) Face(134)
  434: Vertex( 52) Twin(149) Face(135)
  435: Vertex( 68) Twin(420) Face(135)
  436: Vertex(124) Twin(432) Face(135)
  437: Vertex( 51) Twin( 75) Face(136)
  438: Vertex( 17) Twin(602) Face(136)
  439: Vertex(122) Twin(405) Face(136)
  440: Vertex( 64) Twin(110) Face(137)
  441: Vertex( 14) Twin(445) Face(137)
  442: Vertex(125) Twin(633) Face(137)
  443: Vertex( 14) Twin( 18) Face(138)
  444: Vertex( 16) Twin(449) Face(138)
  445: Vertex(125) Twin(441) Face(138)
  446: Vertex( 16) Twin(622) Face(139)
  447: Vertex( 61) Twin(452) Face(139)
  448: Vertex(126) Twin(634) Face(139)
  449: Vertex(125) Twin(444) Face(139)
  450: Vertex( 61) Twin(100) Face(140)
  451: Vertex( 18) Twin(637) Face(140)
  452: Vertex(126) Twin(447) Face(140)
  453: Vertex( 63) Twin(106) Face(141)
  454: Vertex( 56) Twin(458) Face(141)
  455: Vertex( 35) Twin(391) Face(141)
  456: Vertex( 56) Twin( 91) Face(142)
  457: Vertex( 36) Twin( 42) Face(142)
  458: Vertex( 35) Twin(454) Face(142)
  459: Vertex( 43) Twin( 56) Face(143)
  460: Vertex( 42) Twin(464) Face(143)
  461: Vertex(127) Twin(481) Face(143)
  462: Vertex( 42) Twin(362) Face(144)
  463: Vertex( 83) Twin(467) Face(144)
  464: Vertex(127) Twin(460) Face(144)
  465: Vertex( 83) Twin(219) Face(145)
  466: Vertex( 24) Twin(470) Face(145)
  467: Vertex(127) Twin(463) Face(145)
  468: Vertex( 24) Twin(543) Face(146)
  469: Vertex( 12) Twin(473) Face(146)
  470: Vertex(127) Twin(466) Face(146)
  471: Vertex( 12) Twin( 13) Face(147)
  472: Vertex(  2) Twin(476) Face(147)
  473: Vertex(127) Twin(469) Face(147)
  474: Vertex(  2) Twin(  1) Face(148)
  475: Vertex(  1) Twin(479) Face(148)
  476: Vertex(127) Twin(472) Face(148)
  477: Vertex(  1) Twin(123) Face(149)
  478: Vertex( 70) Twin(482) Face(149)
  479: Vertex(127) Twin(475) Face(149)
  480: Vertex( 70) Twin(129) Face(150)
  481: Vertex( 43) Twin(461) Face(150)
  482: Vertex(127) Twin(478) Face(150)
  483: Vertex( 28) Twin(297) Face(151)
  484: Vertex(106) Twin(501) Face(151)
  485: Vertex(128) Twin(491) Face(151)
  486: Vertex( 33) Twin( 43) Face(152)
  487: Vertex( 36) Twin(492) Face(152)
  488: Vertex(129) Twin(504) Face(152)
  489: Vertex(130) Twin(532) Face(152)
  490: Vertex( 36) Twin( 90) Face(153)
  491: Vertex( 28) Twin(485) Face(153)
  492: Vertex(128) Twin(487) Face(153)
  493: Vertex( 90) Twin(617) Face(154)
  494: Vertex( 89) Twin(530) Face(154)
  495: Vertex(131) Twin(499) Face(154)
  496: Vertex(132) Twin(513) Face(154)
  497: Vertex( 11) Twin( 10) Face(155)
  498: Vertex( 10) Twin(511) Face(155)
  499: Vertex(132) Twin(495) Face(155)
  500: Vertex(133) Twin(526) Face(155)
  501: Vertex(128) Twin(484) Face(156)
  502: Vertex(134) Twin(521) Face(156)
  503: Vertex(115) Twin(536) Face(156)
  504: Vertex(130) Twin(488) Face(156)
  505: Vertex( 13) Twin( 14) Face(157)
  506: Vertex( 12) Twin(545) Face(157)
  507: Vertex(135) Twin(523) Face(157)
  508: Vertex(136) Twin(550) Face(157)
  509: Vertex( 10) Twin(152) Face(158)
  510: Vertex( 57) Twin(514) Face(158)
  511: Vertex(132) Twin(498) Face(158)
  512: Vertex( 57) Twin(249) Face(159)
  513: Vertex( 90) Twin(496) Face(159)
  514: Vertex(132) Twin(510) Face(159)
  515: Vertex( 60) Twin(101) Face(160)
  516: Vertex( 61) Twin(621) Face(160)
  517: Vertex(137) Twin(519) Face(160)
  518: Vertex( 90) Twin(248) Face(161)
  519: Vertex( 60) Twin(517) Face(161)
  520: Vertex(137) Twin(618) Face(161)
  521: Vertex(115) Twin(502) Face(162)
  522: Vertex(134) Twin(554) Face(162)
  523: Vertex(136) Twin(507) Face(162)
  524: Vertex(138) Twin(547) Face(162)
  525: Vertex( 20) Twin(140) Face(163)
  526: Vertex( 11) Twin(500) Face(163)
  527: Vertex(133) Twin(529) Face(163)
  528: Vertex( 89) Twin(245) Face(164)
  529: Vertex( 20) Twin(527) Face(164)
  530: Vertex(133) Twin(494) Face(164)
  531: Vertex( 23) Twin(170) Face(165)
  532: Vertex( 33) Twin(489) Face(165)
  533: Vertex(130) Twin(535) Face(165)
  534: Vertex(115) Twin(350) Face(166)
  535: Vertex( 23) Twin(533) Face(166)
  536: Vertex(130) Twin(503) Face(166)
  537: Vertex( 16) Twin( 17) Face(167)
  538: Vertex( 15) Twin(542) Face(167)
  539: Vertex(139) Twin(623) Face(167)
  540: Vertex( 15) Twin(246) Face(168)
  541: Vertex( 89) Twin(626) Face(168)
  542: Vertex(139) Twin(538) Face(168)
  543: Vertex( 12) Twin(468) Face(169)
  544: Vertex( 24) Twin(548) Face(169)
  545: Vertex(138) Twin(506) Face(169)
  546: Vertex( 24) Twin(351) Face(170)
  547: Vertex(115) Twin(524) Face(170)
  548: Vertex(138) Twin(544) Face(170)
  549: Vertex( 27) Twin(188) Face(171)
  550: Vertex( 13) Twin(508) Face(171)
  551: Vertex(136) Twin(553) Face(171)
  552: Vertex(106) Twin(296) Face(172)
  553: Vertex( 27) Twin(551) Face(172)
  554: Vertex(136) Twin(522) Face(172)
  555: Vertex( 15) Twin( 16) Face(173)
  556: Vertex( 14) Twin(560) Face(173)
  557: Vertex(103) Twin(568) Face(173)
  558: Vertex( 14) Twin( 46) Face(174)
  559: Vertex( 38) Twin(286) Face(174)
  560: Vertex(103) Twin(556) Face(174)
  561: Vertex(102) Twin(683) Face(175)
  562: Vertex(140) Twin(566) Face(175)
  563: Vertex(103) Twin(285) Face(175)
  564: Vertex(140) Twin(614) Face(176)
  565: Vertex( 21) Twin(569) Face(176)
  566: Vertex(103) Twin(562) Face(176)
  567: Vertex( 21) Twin( 23) Face(177)
  568: Vertex( 15) Twin(557) Face(177)
  569: Vertex(103) Twin(565) Face(177)
  570: Vertex( 20) Twin( 25) Face(178)
  571: Vertex( 22) Twin(575) Face(178)
  572: Vertex( 99) Twin(583) Face(178)
  573: Vertex( 22) Twin(336) Face(179)
  574: Vertex(112) Twin(578) Face(179)
  575: Vertex( 99) Twin(571) Face(179)
  576: Vertex(112) Twin(678) Face(180)
  577: Vertex( 97) Twin(278) Face(180)
  578: Vertex( 99) Twin(574) Face(180)
  579: Vertex(  5) Twin(273) Face(181)
  580: Vertex( 72) Twin(584) Face(181)
  581: Vertex( 99) Twin(277) Face(181)
  582: Vertex( 72) Twin(141) Face(182)
  583: Vertex( 20) Twin(572) Face(182)
  584: Vertex( 99) Twin(580) Face(182)
  585: Vertex(  6) Twin(325) Face(183)
  586: Vertex(110) Twin(694) Face(183)
  587: Vertex(141) Twin(592) Face(183)
  588: Vertex( 93) Twin(257) Face(184)
  589: Vertex( 86) Twin(593) Face(184)
  590: Vertex(141) Twin(693) Face(184)
  591: Vertex( 86) Twin(232) Face(185)
  592: Vertex(  6) Twin(587) Face(185)
  593: Vertex(141) Twin(589) Face(185)
  594: Vertex( 71) Twin(124) Face(186)
  595: Vertex( 45) Twin( 63) Face(186)
  596: Vertex( 46) Twin(601) Face(186)
  597: Vertex(142) Twin(609) Face(186)
  598: Vertex( 46) Twin(410) Face(187)
  599: Vertex(121) Twin(406) Face(187)
  600: Vertex(122) Twin(604) Face(187)
  601: Vertex(142) Twin(596) Face(187)
  602: Vertex(122) Twin(438) Face(188)
  603: Vertex( 17) Twin(607) Face(188)
  604: Vertex(142) Twin(600) Face(188)
  605: Vertex( 17) Twin( 57) Face(189)
  606: Vertex( 43) Twin(610) Face(189)
  607: Vertex(142) Twin(603) Face(189)
  608: Vertex( 43) Twin(128) Face(190)
  609: Vertex( 71) Twin(597) Face(190)
  610: Vertex(142) Twin(606) Face(190)
  611: Vertex( 39) Twin( 48) Face(191)
  612: Vertex( 21) Twin(616) Face(191)
  613: Vertex(143) Twin(681) Face(191)
  614: Vertex( 21) Twin(564) Face(192)
  615: Vertex(140) Twin(682) Face(192)
  616: Vertex(143) Twin(612) Face(192)
  617: Vertex( 89) Twin(493) Face(193)
  618: Vertex( 90) Twin(520) Face(193)
  619: Vertex(137) Twin(625) Face(193)
  620: Vertex(144) Twin(627) Face(193)
  621: Vertex(137) Twin(516) Face(194)
  622: Vertex( 61) Twin(446) Face(194)
  623: Vertex( 16) Twin(539) Face(194)
  624: Vertex(139) Twin(628) Face(194)
  625: Vertex(144) Twin(619) Face(194)
  626: Vertex(139) Twin(541) Face(195)
  627: Vertex( 89) Twin(620) Face(195)
  628: Vertex(144) Twin(624) Face(195)
  629: Vertex( 51) Twin(404) Face(196)
  630: Vertex( 50) Twin(111) Face(196)
  631: Vertex( 64) Twin(636) Face(196)
  632: Vertex(145) Twin(641) Face(196)
  633: Vertex( 64) Twin(442) Face(197)
  634: Vertex(125) Twin(448) Face(197)
  635: Vertex(126) Twin(639) Face(197)
  636: Vertex(145) Twin(631) Face(197)
  637: Vertex(126) Twin(451) Face(198)
  638: Vertex( 18) Twin(642) Face(198)
  639: Vertex(145) Twin(635) Face(198)
  640: Vertex( 18) Twin( 76) Face(199)
  641: Vertex( 51) Twin(632) Face(199)
  642: Vertex(145) Twin(638) Face(199)
  643: Vertex(105) Twin(290) Face(200)
  644: Vertex( 26) Twin(648) Face(200)
  645: Vertex(146) Twin(661) Face(200)
  646: Vertex( 26) Twin(210) Face(201)
  647: Vertex( 81) Twin(662) Face(201)
  648: Vertex(146) Twin(644) Face(201)
  649: Vertex( 30) Twin( 36) Face(202)
  650: Vertex( 32) Twin(308) Face(202)
  651: Vertex( 91) Twin(324) Face(202)
  652: Vertex(109) Twin(320) Face(202)
  653: Vertex( 78) Twin(312) Face(202)
  654: Vertex(108) Twin(314) Face(202)
  655: Vertex( 94) Twin(318) Face(202)
  656: Vertex( 96) Twin(265) Face(202)
  657: Vertex( 95) Twin(671) Face(202)
  658: Vertex(147) Twin(676) Face(202)
  659: Vertex( 85) Twin(223) Face(202)
  660: Vertex( 84) Twin(294) Face(202)
  661: Vertex(105) Twin(645) Face(202)
  662: Vertex(146) Twin(647) Face(202)
  663: Vertex( 81) Twin(281) Face(202)
  664: Vertex(100) Twin(360) Face(202)
  665: Vertex(116) Twin(356) Face(202)
  666: Vertex(117) Twin(364) Face(202)
  667: Vertex(118) Twin(368) Face(202)
  668: Vertex(113) Twin(338) Face(202)
  669: Vertex( 95) Twin(268) Face(203)
  670: Vertex( 55) Twin(674) Face(203)
  671: Vertex(147) Twin(657) Face(203)
  672: Vertex( 55) Twin( 83) Face(204)
  673: Vertex( 54) Twin(677) Face(204)
  674: Vertex(147) Twin(670) Face(204)
  675: Vertex( 54) Twin(224) Face(205)
  676: Vertex( 85) Twin(658) Face(205)
  677: Vertex(147) Twin(673) Face(205)
  678: Vertex( 97) Twin(576) Face(206)
  679: Vertex(112) Twin(335) Face(206)
  680: Vertex(101) Twin(283) Face(206)
  681: Vertex( 39) Twin(613) Face(206)
  682: Vertex(143) Twin(615) Face(206)
  683: Vertex(140) Twin(561) Face(206)
  684: Vertex(102) Twin(288) Face(206)
  685: Vertex(104) Twin(342) Face(206)
  686: Vertex(114) Twin(347) Face(206)
  687: Vertex( 88) Twin(241) Face(206)
  688: Vertex( 87) Twin(305) Face(206)
  689: Vertex( 92) Twin(700) Face(206)
  690: Vertex(148) Twin(702) Face(206)
  691: Vertex( 80) Twin(300) Face(206)
  692: Vertex(107) Twin(302) Face(206)
  693: Vertex( 93) Twin(590) Face(206)
  694: Vertex(141) Twin(586) Face(206)
  695: Vertex(110) Twin(327) Face(206)
  696: Vertex(111) Twin(332) Face(206)
  697: Vertex( 98) Twin(275) Face(206)
  698: Vertex( 92) Twin(254) Face(207)
  699: Vertex( 79) Twin(703) Face(207)
  700: Vertex(148) Twin(689) Face(207)
  701: Vertex( 79) Twin(204) Face(208)
  702: Vertex( 80) Twin(690) Face(208)
  703: Vertex(148) Twin(699) Face(208)

Faces:
    0:   0,   1,   2,   3, 
    1:   4,   5,   6,   7, 
    2:   8,   9,  10,  11, 
    3:  12,  13,  14,  15, 
    4:  16,  17,  18, 
    5:  19,  20,  21, 
    6:  22,  23,  24,  25, 
    7:  26,  27,  28,  29, 
    8:  30,  31,  32, 
    9:  33,  34,  35,  36, 
   10:  37,  38,  39, 
   11:  40,  41,  42,  43, 
   12:  44,  45,  46, 
   13:  47,  48,  49, 
   14:  50,  51,  52,  53, 
   15:  54,  55,  56,  57, 
   16:  58,  59,  60, 
   17:  61,  62,  63, 
   18:  64,  65,  66, 
   19:  67,  68,  69,  70, 
   20:  71,  72,  73, 
   21:  74,  75,  76, 
   22:  77,  78,  79, 
   23:  80,  81,  82, 
   24:  83,  84,  85,  86, 
   25:  87,  88,  89, 
   26:  90,  91,  92, 
   27:  93,  94,  95,  96, 
   28:  97,  98,  99, 
   29: 100, 101, 102, 
   30: 103, 104, 105, 
   31: 106, 107, 108, 
   32: 109, 110, 111, 
   33: 112, 113, 114, 115, 
   34: 116, 117, 118, 119, 
   35: 120, 121, 122, 123, 
   36: 124, 125, 126, 127, 
   37: 128, 129, 130, 
   38: 131, 132, 133, 
   39: 134, 135, 136, 
   40: 137, 138, 139, 
   41: 140, 141, 142, 
   42: 143, 144, 145, 
   43: 146, 147, 148, 
   44: 149, 150, 151, 
   45: 152, 153, 154, 
   46: 155, 156, 157, 
   47: 158, 159, 160, 
   48: 161, 162, 163, 
   49: 164, 165, 166, 
   50: 167, 168, 169, 
   51: 170, 171, 172, 
   52: 173, 174, 175, 
   53: 176, 177, 178, 
   54: 179, 180, 181, 
   55: 182, 183, 184, 
   56: 185, 186, 187, 
   57: 188, 189, 190, 
   58: 191, 192, 193, 
   59: 194, 195, 196, 
   60: 197, 198, 199, 
   61: 200, 201, 202, 
   62: 203, 204, 205, 
   63: 206, 207, 208, 
   64: 209, 210, 211, 
   65: 212, 213, 214, 
   66: 215, 216, 217, 
   67: 218, 219, 220, 
   68: 221, 222, 223, 224, 
   69: 225, 226, 227, 
   70: 228, 229, 230, 
   71: 231, 232, 233, 
   72: 234, 235, 236, 
   73: 237, 238, 239, 
   74: 240, 241, 242, 243, 
   75: 244, 245, 246, 
   76: 247, 248, 249, 
   77: 250, 251, 252, 
   78: 253, 254, 255, 
   79: 256, 257, 258, 
   80: 259, 260, 261, 
   81: 262, 263, 264, 
   82: 265, 266, 267, 268, 
   83: 269, 270, 271, 
   84: 272, 273, 274, 
   85: 275, 276, 277, 278, 
   86: 279, 280, 281, 
   87: 282, 283, 284, 
   88: 285, 286, 287, 288, 
   89: 289, 290, 291, 
   90: 292, 293, 294, 
   91: 295, 296, 297, 
   92: 298, 299, 300, 
   93: 301, 302, 303, 
   94: 304, 305, 306, 
   95: 307, 308, 309, 
   96: 310, 311, 312, 
   97: 313, 314, 315, 
   98: 316, 317, 318, 
   99: 319, 320, 321, 
  100: 322, 323, 324, 
  101: 325, 326, 327, 
  102: 328, 329, 330, 
  103: 331, 332, 333, 
  104: 334, 335, 336, 
  105: 337, 338, 339, 
  106: 340, 341, 342, 
  107: 343, 344, 345, 
  108: 346, 347, 348, 
  109: 349, 350, 351, 
  110: 352, 353, 354, 
  111: 355, 356, 357, 
  112: 358, 359, 360, 
  113: 361, 362, 363, 364, 
  114: 365, 366, 367, 
  115: 368, 369, 370, 
  116: 371, 372, 373, 
  117: 374, 375, 376, 
  118: 377, 378, 379, 380, 
  119: 381, 382, 383, 384, 
  120: 385, 386, 387, 
  121: 388, 389, 390, 
  122: 391, 392, 393, 394, 
  123: 395, 396, 397, 
  124: 398, 399, 400, 
  125: 401, 402, 403, 
  126: 404, 405, 406, 407, 
  127: 408, 409, 410, 
  128: 411, 412, 413, 
  129: 414, 415, 416, 
  130: 417, 418, 419, 420, 
  131: 421, 422, 423, 
  132: 424, 425, 426, 
  133: 427, 428, 429, 430, 
  134: 431, 432, 433, 
  135: 434, 435, 436, 
  136: 437, 438, 439, 
  137: 440, 441, 442, 
  138: 443, 444, 445, 
  139: 446, 447, 448, 449, 
  140: 450, 451, 452, 
  141: 453, 454, 455, 
  142: 456, 457, 458, 
  143: 459, 460, 461, 
  144: 462, 463, 464, 
  145: 465, 466, 467, 
  146: 468, 469, 470, 
  147: 471, 472, 473, 
  148: 474, 475, 476, 
  149: 477, 478, 479, 
  150: 480, 481, 482, 
  151: 483, 484, 485, 
  152: 486, 487, 488, 489, 
  153: 490, 491, 492, 
  154: 493, 494, 495, 496, 
  155: 497, 498, 499, 500, 
  156: 501, 502, 503, 504, 
  157: 505, 506, 507, 508, 
  158: 509, 510, 511, 
  159: 512, 513, 514, 
  160: 515, 516, 517, 
  161: 518, 519, 520, 
  162: 521, 522, 523, 524, 
  163: 525, 526, 527, 
  164: 528, 529, 530, 
  165: 531, 532, 533, 
  166: 534, 535, 536, 
  167: 537, 538, 539, 
  168: 540, 541, 542, 
  169: 543, 544, 545, 
  170: 546, 547, 548, 
  171: 549, 550, 551, 
  172: 552, 553, 554, 
  173: 555, 556, 557, 
  174: 558, 559, 560, 
  175: 561, 562, 563, 
  176: 564, 565, 566, 
  177: 567, 568, 569, 
  178: 570, 571, 572, 
  179: 573, 574, 575, 
  180: 576, 577, 578, 
  181: 579, 580, 581, 
  182: 582, 583, 584, 
  183: 585, 586, 587, 
  184: 588, 589, 590, 
  185: 591, 592, 593, 
  186: 594, 595, 596, 597, 
  187: 598, 599, 600, 601, 
  188: 602, 603, 604, 
  189: 605, 606, 607, 
  190: 608, 609, 610, 
  191: 611, 612, 613, 
  192: 614, 615, 616, 
  193: 617, 618, 619, 620, 
  194: 621, 622, 623, 624, 625, 
  195: 626, 627, 628, 
  196: 629, 630, 631, 632, 
  197: 633, 634, 635, 636, 
  198: 637, 638, 639, 
  199: 640, 641, 642, 
  200: 643, 644, 645, 
  201: 646, 647, 648, 
  202: 649, 650, 651, 652, 653, 654, 655, 656, 657, 658, 659, 660, 661, 662, 663, 664, 665, 666, 667, 668, 
  203: 669, 670, 671, 
  204: 672, 673, 674, 
  205: 675, 676, 677, 
  206: 678, 679, 680, 681, 682, 683, 684, 685, 686, 687, 688, 689, 690, 691, 692, 693, 694, 695, 696, 697, 
  207: 698, 699, 700, 
  208: 701, 702, 703, 


